---
source: tests/langs/mod.rs
expression: inscope_parts
---
- n: 9
  l: "  \"age\": 30,\n"
  m: "           ^^   "
- n: 20
  l: "    [1, 2, 3],\n"
  m: "     ^          "
- n: 20
  l: "    [1, 2, 3],\n"
  m: "        ^       "
- n: 20
  l: "    [1, 2, 3],\n"
  m: "           ^    "
- n: 21
  l: "    [4, 5, 6],\n"
  m: "     ^          "
- n: 21
  l: "    [4, 5, 6],\n"
  m: "        ^       "
- n: 21
  l: "    [4, 5, 6],\n"
  m: "           ^    "
- n: 22
  l: "    [7, 8, 9]\n"
  m: "     ^         "
- n: 22
  l: "    [7, 8, 9]\n"
  m: "        ^      "
- n: 22
  l: "    [7, 8, 9]\n"
  m: "           ^   "
- n: 29
  l: "    {\"type\": \"user\", \"id\": 1},\n"
  m: "                                 ^    "
- n: 30
  l: "    {\"type\": \"admin\", \"id\": 2},\n"
  m: "                                  ^    "
- n: 31
  l: "    {\"type\": \"guest\", \"id\": 3}\n"
  m: "                                  ^   "
- n: 45
  l: "  \"count\": 42,\n"
  m: "             ^^   "
- n: 46
  l: "  \"score\": 95.5,\n"
  m: "             ^^^^   "
- n: 47
  l: "  \"temperature\": -12.5,\n"
  m: "                   ^^^^^   "
- n: 48
  l: "  \"percentage\": 67.8\n"
  m: "                  ^^^^  "
- n: 88
  l: "  \"int_val\": 42,\n"
  m: "               ^^   "
- n: 89
  l: "  \"float_val\": 3.14,\n"
  m: "                 ^^^^   "
- n: 93
  l: "  \"array_val\": [1, 2, 3]\n"
  m: "                  ^         "
- n: 93
  l: "  \"array_val\": [1, 2, 3]\n"
  m: "                     ^      "
- n: 93
  l: "  \"array_val\": [1, 2, 3]\n"
  m: "                        ^   "
- n: 101
  l: "      \"age\": 30\n"
  m: "               ^^  "
- n: 113
  l: "    [1, 2],\n"
  m: "     ^       "
- n: 113
  l: "    [1, 2],\n"
  m: "        ^    "
- n: 114
  l: "    [3, 4],\n"
  m: "     ^       "
- n: 114
  l: "    [3, 4],\n"
  m: "        ^    "
- n: 115
  l: "    [5, 6]\n"
  m: "     ^      "
- n: 115
  l: "    [5, 6]\n"
  m: "        ^   "
- n: 127
  l: "    \"id\": 1,\n"
  m: "            ^   "
- n: 131
  l: "    \"id\": 2,\n"
  m: "            ^   "
- n: 138
  l: "  \"scores\": [10, 20, 30, 40, 50]\n"
  m: "               ^^                   "
- n: 138
  l: "  \"scores\": [10, 20, 30, 40, 50]\n"
  m: "                   ^^               "
- n: 138
  l: "  \"scores\": [10, 20, 30, 40, 50]\n"
  m: "                       ^^           "
- n: 138
  l: "  \"scores\": [10, 20, 30, 40, 50]\n"
  m: "                           ^^       "
- n: 138
  l: "  \"scores\": [10, 20, 30, 40, 50]\n"
  m: "                               ^^   "
- n: 143
  l: "  \"measurements\": [1.5, 2.7, 3.9, 4.1]\n"
  m: "                     ^^^                  "
- n: 143
  l: "  \"measurements\": [1.5, 2.7, 3.9, 4.1]\n"
  m: "                          ^^^             "
- n: 143
  l: "  \"measurements\": [1.5, 2.7, 3.9, 4.1]\n"
  m: "                               ^^^        "
- n: 143
  l: "  \"measurements\": [1.5, 2.7, 3.9, 4.1]\n"
  m: "                                    ^^^   "
