---
source: tests/langs/mod.rs
expression: inscope_parts
---
- n: 306
  l: "impl<T, U> Convertible<U> for T\n"
  m: ^^^^^^^^^^^^^^^^^^^^^^^^^^^^^^^^^
- n: 307
  l: "where\n"
  m: ^^^^^^^
- n: 308
  l: "    T: AsRef<str>,\n"
  m: ^^^^^^^^^^^^^^^^^^^^
- n: 309
  l: "    U: From<String>,\n"
  m: ^^^^^^^^^^^^^^^^^^^^^^
- n: 310
  l: "{\n"
  m: ^^^
- n: 311
  l: "    fn convert(&self) -> U {\n"
  m: ^^^^^^^^^^^^^^^^^^^^^^^^^^^^^^
- n: 312
  l: "        U::from(self.as_ref().to_owned())\n"
  m: ^^^^^^^^^^^^^^^^^^^^^^^^^^^^^^^^^^^^^^^^^^^
- n: 313
  l: "    }\n"
  m: ^^^^^^^
- n: 314
  l: "}\n"
  m: "^  "
- n: 316
  l: "impl X for Y {}\n"
  m: "^^^^^^^^^^^^^^^  "
- n: 317
  l: "impl<T> X for Y<T> {}\n"
  m: "^^^^^^^^^^^^^^^^^^^^^  "
- n: 318
  l: "impl<T> X<T> for Y {}\n"
  m: "^^^^^^^^^^^^^^^^^^^^^  "
