---
source: tests/langs/mod.rs
expression: inscope_parts
---
- n: 23
  l: "  - name: \"health\"\n"
  m: "  ^^^^^^^^^^^^^^^^^^^^"
- n: 24
  l: "    path: \"/health\"\n"
  m: ^^^^^^^^^^^^^^^^^^^^^^^
- n: 25
  l: "    method: \"GET\"\n"
  m: ^^^^^^^^^^^^^^^^^^^^^
- n: 26
  l: "    timeout: 5\n"
  m: ^^^^^^^^^^^^^^^^
- n: 27
  l: "  - name: \"status\"\n"
  m: ^^^^^^^^^^^^^^^^^^^^^^
- n: 28
  l: "    path: \"/status\"\n"
  m: ^^^^^^^^^^^^^^^^^^^^^^^
- n: 29
  l: "    method: \"GET\"\n"
  m: ^^^^^^^^^^^^^^^^^^^^^
- n: 30
  l: "    timeout: 10\n"
  m: ^^^^^^^^^^^^^^^^^
- n: 31
  l: "  - name: \"metrics\"\n"
  m: ^^^^^^^^^^^^^^^^^^^^^^^
- n: 32
  l: "    path: \"/metrics\"\n"
  m: ^^^^^^^^^^^^^^^^^^^^^^^^
- n: 33
  l: "    method: \"GET\"\n"
  m: ^^^^^^^^^^^^^^^^^^^^^
- n: 34
  l: "    timeout: 15\n"
  m: ^^^^^^^^^^^^^^^^^
- n: 35
  l: "\n"
  m: ^^
- n: 36
  l: "# Server configuration\n"
  m: "^^^^^^^^^^^^^^^^^^^^^^  "
- n: 39
  l: "    - {host: \"api.example.com\", port: 443, ssl: true}\n"
  m: "    ^^^^^^^^^^^^^^^^^^^^^^^^^^^^^^^^^^^^^^^^^^^^^^^^^^^^^"
- n: 40
  l: "    - {host: \"api-backup.example.com\", port: 443, ssl: true}\n"
  m: "^^^^^^^^^^^^^^^^^^^^^^^^^^^^^^^^^^^^^^^^^^^^^^^^^^^^^^^^^^^^^^  "
- n: 42
  l: "    - {host: \"staging-api.example.com\", port: 443, ssl: true}\n"
  m: "    ^^^^^^^^^^^^^^^^^^^^^^^^^^^^^^^^^^^^^^^^^^^^^^^^^^^^^^^^^^^^^"
- n: 43
  l: "\n"
  m: ^^
- n: 44
  l: "# Logging configuration\n"
  m: "^^^^^^^^^^^^^^^^^^^^^^^  "
- n: 49
  l: "    - type: \"console\"\n"
  m: "    ^^^^^^^^^^^^^^^^^^^^^"
- n: 50
  l: "      level: \"debug\"\n"
  m: ^^^^^^^^^^^^^^^^^^^^^^^^
- n: 51
  l: "    - type: \"file\"\n"
  m: ^^^^^^^^^^^^^^^^^^^^^^
- n: 52
  l: "      path: \"/var/log/app.log\"\n"
  m: ^^^^^^^^^^^^^^^^^^^^^^^^^^^^^^^^^^
- n: 53
  l: "      level: \"info\"\n"
  m: ^^^^^^^^^^^^^^^^^^^^^^^
- n: 54
  l: "\n"
  m: ^^
- n: 55
  l: "# Feature flags\n"
  m: "^^^^^^^^^^^^^^^  "
- n: 85
  l: "    - {name: \"high-cpu\", threshold: 90, action: \"scale\"}\n"
  m: "    ^^^^^^^^^^^^^^^^^^^^^^^^^^^^^^^^^^^^^^^^^^^^^^^^^^^^^^^^^^"
- n: 86
  l: "    - {name: \"low-memory\", threshold: 20, action: \"alert\"}\n"
  m: "^^^^^^^^^^^^^^^^^^^^^^^^^^^^^^^^^^^^^^^^^^^^^^^^^^^^^^^^^^^^^^  "
- n: 89
  l: "    - url: \"http://api.example.com/health\"\n"
  m: "    ^^^^^^^^^^^^^^^^^^^^^^^^^^^^^^^^^^^^^^^^^^"
- n: 90
  l: "      timeout: 5\n"
  m: ^^^^^^^^^^^^^^^^^^
- n: 91
  l: "    - url: \"http://api.example.com/status\"\n"
  m: ^^^^^^^^^^^^^^^^^^^^^^^^^^^^^^^^^^^^^^^^^^^^^^
- n: 92
  l: "      timeout: 10\n"
  m: ^^^^^^^^^^^^^^^^^^^
- n: 93
  l: "\n"
  m: ^^
- n: 94
  l: "# Mixed content types\n"
  m: "^^^^^^^^^^^^^^^^^^^^^  "
