---
source: tests/langs/mod.rs
expression: inscope_parts
---
- n: 111
  l: "module \"network\" {\n"
  m: ^^^^^^^^^^^^^^^^^^^^^^
- n: 112
  l: "  source   = \"./modules/network\"\n"
  m: ^^^^^^^^^^^^^^^^^^^^^^^^^^^^^^^^^^^^
- n: 113
  l: "  vpc_cidr = \"10.0.0.0/16\"\n"
  m: ^^^^^^^^^^^^^^^^^^^^^^^^^^^^^^
- n: 114
  l: "}\n"
  m: "^  "
