---
source: tests/langs/mod.rs
expression: inscope_parts
---
- n: 111
  l: "enum TestEnum {\n"
  m: ^^^^^^^^^^^^^^^^^
- n: 112
  l: "    VariantOne,\n"
  m: ^^^^^^^^^^^^^^^^^
- n: 113
  l: "    VariantTwo,\n"
  m: ^^^^^^^^^^^^^^^^^
- n: 114
  l: "    VariantOther,\n"
  m: ^^^^^^^^^^^^^^^^^^^
- n: 115
  l: "}\n"
  m: "^  "
