---
source: tests/langs/mod.rs
expression: inscope_parts
---
- n: 30
  l: "variable \"app_name\" {\n"
  m: ^^^^^^^^^^^^^^^^^^^^^^^^^
- n: 31
  l: "  description = \"The name of the application\"\n"
  m: ^^^^^^^^^^^^^^^^^^^^^^^^^^^^^^^^^^^^^^^^^^^^^^^^^
- n: 32
  l: "  type        = string\n"
  m: ^^^^^^^^^^^^^^^^^^^^^^^^
- n: 33
  l: "  default     = \"TestApp\"\n"
  m: ^^^^^^^^^^^^^^^^^^^^^^^^^^^^^
- n: 34
  l: "}\n"
  m: "^  "
- n: 36
  l: "variable \"instance_count\" {\n"
  m: ^^^^^^^^^^^^^^^^^^^^^^^^^^^^^^^
- n: 37
  l: "  description = \"Number of instances to deploy\"\n"
  m: ^^^^^^^^^^^^^^^^^^^^^^^^^^^^^^^^^^^^^^^^^^^^^^^^^^^
- n: 38
  l: "  type        = number\n"
  m: ^^^^^^^^^^^^^^^^^^^^^^^^
- n: 39
  l: "  default     = 3\n"
  m: ^^^^^^^^^^^^^^^^^^^
- n: 40
  l: "}\n"
  m: "^  "
- n: 42
  l: "variable \"enable_feature_x\" {\n"
  m: ^^^^^^^^^^^^^^^^^^^^^^^^^^^^^^^^^
- n: 43
  l: "  description = \"Enable feature X\"\n"
  m: ^^^^^^^^^^^^^^^^^^^^^^^^^^^^^^^^^^^^^^
- n: 44
  l: "  type        = bool\n"
  m: ^^^^^^^^^^^^^^^^^^^^^^
- n: 45
  l: "  default     = true\n"
  m: ^^^^^^^^^^^^^^^^^^^^^^
- n: 46
  l: "}\n"
  m: "^  "
- n: 48
  l: "variable \"admins\" {\n"
  m: ^^^^^^^^^^^^^^^^^^^^^^^
- n: 49
  l: "  description = \"List of admin users\"\n"
  m: ^^^^^^^^^^^^^^^^^^^^^^^^^^^^^^^^^^^^^^^^^
- n: 50
  l: "  type        = list(string)\n"
  m: ^^^^^^^^^^^^^^^^^^^^^^^^^^^^^^
- n: 51
  l: "  default     = [\"alice\", \"bob\"]\n"
  m: ^^^^^^^^^^^^^^^^^^^^^^^^^^^^^^^^^^^^^^
- n: 52
  l: "}\n"
  m: "^  "
