---
source: tests/langs/mod.rs
expression: inscope_parts
---
- n: 93
  l: "        move || {\n"
  m: "        ^^^^^^^^^^^"
- n: 94
  l: "            println!(\"Static method decorator called\");\n"
  m: ^^^^^^^^^^^^^^^^^^^^^^^^^^^^^^^^^^^^^^^^^^^^^^^^^^^^^^^^^^^
- n: 95
  l: "            func();\n"
  m: ^^^^^^^^^^^^^^^^^^^^^
- n: 96
  l: "        }\n"
  m: "^^^^^^^^^  "
- n: 135
  l: "        let mut inner = || {\n"
  m: "                        ^^^^^^"
- n: 136
  l: "            nonlocal_var = \"Modified value\".to_string();\n"
  m: ^^^^^^^^^^^^^^^^^^^^^^^^^^^^^^^^^^^^^^^^^^^^^^^^^^^^^^^^^^^^
- n: 137
  l: "        };\n"
  m: "^^^^^^^^^   "
- n: 208
  l: "    let square = |x: i32| -> i32 { x * x };\n"
  m: "                 ^^^^^^^^^^^^^^^^^^^^^^^^^   "
- n: 229
  l: "    let check = |s: &str| s.ends_with(\"something\");\n"
  m: "                ^^^^^^^^^^^^^^^^^^^^^^^^^^^^^^^^^^^^   "
