---
source: tests/langs/mod.rs
expression: inscope_parts
---
- n: 292
  l: "unsafe fn perform_unsafe_operation() {\n"
  m: ^^^^^^^^^^^^^^^^^^^^^^^^^^^^^^^^^^^^^^^^
- n: 293
  l: "    let ptr = 0x1234 as *mut i32;\n"
  m: ^^^^^^^^^^^^^^^^^^^^^^^^^^^^^^^^^^^
- n: 294
  l: "    *ptr = 42;\n"
  m: ^^^^^^^^^^^^^^^^
- n: 295
  l: "}\n"
  m: "^  "
