---
source: tests/langs/mod.rs
expression: inscope_parts
---
- n: 1
  l: "//! Module for testing various Rust grammar elements.\n"
  m: ^^^^^^^^^^^^^^^^^^^^^^^^^^^^^^^^^^^^^^^^^^^^^^^^^^^^^^^
- n: 26
  l: "// Global variable\n"
  m: "^^^^^^^^^^^^^^^^^^  "
- n: 33
  l: "    // A free function for testing.\n"
  m: "    ^^^^^^^^^^^^^^^^^^^^^^^^^^^^^^^  "
- n: 40
  l: "// Decorator for functions\n"
  m: "^^^^^^^^^^^^^^^^^^^^^^^^^^  "
- n: 45
  l: "    // Decorator for free function.\n"
  m: "    ^^^^^^^^^^^^^^^^^^^^^^^^^^^^^^^  "
- n: 58
  l: "    // Function with a decorator.\n"
  m: "    ^^^^^^^^^^^^^^^^^^^^^^^^^^^^^  "
- n: 80
  l: "    /*\n"
  m: "    ^^^^"
- n: 81
  l: "        More comment types\n"
  m: ^^^^^^^^^^^^^^^^^^^^^^^^^^^^
- n: 82
  l: "    */\n"
  m: "^^^^^^  "
- n: 84
  l: "    // Static decorator for methods\n"
  m: "    ^^^^^^^^^^^^^^^^^^^^^^^^^^^^^^^  "
- n: 89
  l: "        // Decorator for static methods.\n"
  m: "        ^^^^^^^^^^^^^^^^^^^^^^^^^^^^^^^^  "
- n: 96
  l: "    // Method\n"
  m: "    ^^^^^^^^^  "
- n: 98
  l: "        // Instance method.\n"
  m: "        ^^^^^^^^^^^^^^^^^^^  "
- n: 104
  l: "        // Static method.\n"
  m: "        ^^^^^^^^^^^^^^^^^  "
- n: 109
  l: "// Enum definition\n"
  m: "^^^^^^^^^^^^^^^^^^  "
- n: 118
  l: "        // Function demonstrating match statement.\n"
  m: "        ^^^^^^^^^^^^^^^^^^^^^^^^^^^^^^^^^^^^^^^^^^  "
- n: 127
  l: "// Statements\n"
  m: "^^^^^^^^^^^^^  "
- n: 141
  l: "    // Function demonstrating inplace operators.\n"
  m: "    ^^^^^^^^^^^^^^^^^^^^^^^^^^^^^^^^^^^^^^^^^^^^  "
- n: 150
  l: "// Control flow\n"
  m: "^^^^^^^^^^^^^^^  "
- n: 152
  l: "    // Function demonstrating various control flow statements.\n"
  m: "    ^^^^^^^^^^^^^^^^^^^^^^^^^^^^^^^^^^^^^^^^^^^^^^^^^^^^^^^^^^  "
- n: 153
  l: "    // if statement\n"
  m: "    ^^^^^^^^^^^^^^^  "
- n: 160
  l: "    // while statement\n"
  m: "    ^^^^^^^^^^^^^^^^^^  "
- n: 167
  l: "    // for statement\n"
  m: "    ^^^^^^^^^^^^^^^^  "
- n: 172
  l: "    // with statement\n"
  m: "    ^^^^^^^^^^^^^^^^^  "
- n: 182
  l: "    // Open a connection to the mini-redis address.\n"
  m: "    ^^^^^^^^^^^^^^^^^^^^^^^^^^^^^^^^^^^^^^^^^^^^^^^  "
- n: 185
  l: "    // Set the key \"hello\" with value \"world\"\n"
  m: "    ^^^^^^^^^^^^^^^^^^^^^^^^^^^^^^^^^^^^^^^^^^^^^  "
- n: 188
  l: "    // Get key \"hello\"\n"
  m: "    ^^^^^^^^^^^^^^^^^^^^  "
- n: 196
  l: "// Main execution\n"
  m: "^^^^^^^^^^^^^^^^^  "
- n: 200
  l: "    // Lambda expression\n"
  m: "    ^^^^^^^^^^^^^^^^^^^^  "
- n: 203
  l: "    // Multiline string\n"
  m: "    ^^^^^^^^^^^^^^^^^^^  "
