---
source: tests/langs/mod.rs
expression: inscope_parts
---
- n: 10
  l: "variable \"app_name\" {\n"
  m: "         ^^^^^^^^^^^^    "
- n: 16
  l: "variable \"instance_count\" {\n"
  m: "         ^^^^^^^^^^^^^^^^^^    "
- n: 22
  l: "variable \"enable_feature_x\" {\n"
  m: "         ^^^^^^^^^^^^^^^^^^^^    "
- n: 28
  l: "variable \"admins\" {\n"
  m: "         ^^^^^^^^^^    "
- n: 58
  l: "  count         = var.instance_count\n"
  m: "                      ^^^^^^^^^^^^^^  "
- n: 62
  l: "    Name        = \"${var.app_name}-${count.index}\"\n"
  m: "                          ^^^^^^^^                    "
- n: 69
  l: "    for_each = var.enable_feature_x ? [1] : []\n"
  m: "                   ^^^^^^^^^^^^^^^^             "
- n: 73
  l: "echo \"Feature ${upper(var.app_name)} enabled\"\n"
  m: "                           ^^^^^^^^              "
- n: 87
  l: "  value       = join(\", \", var.admins)\n"
  m: "                                 ^^^^^^   "
- n: 98
  l: "  bucket = var.enable_feature_x ? \"${var.app_name}-feature-x\" : \"${var.app_name}\"\n"
  m: "               ^^^^^^^^^^^^^^^^                                                        "
- n: 98
  l: "  bucket = var.enable_feature_x ? \"${var.app_name}-feature-x\" : \"${var.app_name}\"\n"
  m: "                                          ^^^^^^^^                                     "
- n: 98
  l: "  bucket = var.enable_feature_x ? \"${var.app_name}-feature-x\" : \"${var.app_name}\"\n"
  m: "                                                                          ^^^^^^^^     "
- n: 106
  l: "echo \"Application: ${var.app_name}\"\n"
  m: "                          ^^^^^^^^     "
- n: 114
  l: "  name        = \"${var.app_name}-web-sg\"\n"
  m: "                        ^^^^^^^^            "
- n: 115
  l: "  description = \"Web security group for ${var.app_name}\"\n"
  m: "                                               ^^^^^^^^     "
- n: 135
  l: "  name = \"${var.app_name}_role\"\n"
  m: "                 ^^^^^^^^          "
