---
source: tests/langs/mod.rs
expression: inscope_parts
---
- n: 161
  l: "    switch (color) {\n"
  m: "    ^^^^^^^^^^^^^^^^^^"
- n: 162
  l: "        case Color::Red:\n"
  m: ^^^^^^^^^^^^^^^^^^^^^^^^^^
- n: 163
  l: "            std::cout << \"Red\\n\";\n"
  m: ^^^^^^^^^^^^^^^^^^^^^^^^^^^^^^^^^^^^^^
- n: 164
  l: "        case Color::Blue:\n"
  m: ^^^^^^^^^^^^^^^^^^^^^^^^^^^
- n: 165
  l: "            std::cout << \"Blue\\n\";\n"
  m: ^^^^^^^^^^^^^^^^^^^^^^^^^^^^^^^^^^^^^^^
- n: 166
  l: "        case Color::Green:\n"
  m: ^^^^^^^^^^^^^^^^^^^^^^^^^^^^
- n: 167
  l: "            std::cout << \"Green\\n\";\n"
  m: ^^^^^^^^^^^^^^^^^^^^^^^^^^^^^^^^^^^^^^^^
- n: 168
  l: "        default:\n"
  m: ^^^^^^^^^^^^^^^^^^
- n: 169
  l: "            std::cout << \"Default\\n\";\n"
  m: ^^^^^^^^^^^^^^^^^^^^^^^^^^^^^^^^^^^^^^^^^^
- n: 170
  l: "    }\n"
  m: "^^^^^  "
