---
source: tests/langs/mod.rs
expression: inscope_parts
---
- n: 249
  l: "mod tests {\n"
  m: ^^^^^^^^^^^^^
- n: 250
  l: "    use super::*;\n"
  m: ^^^^^^^^^^^^^^^^^^^
- n: 251
  l: "\n"
  m: ^^
- n: 252
  l: "    #[test]\n"
  m: ^^^^^^^^^^^^^
- n: 253
  l: "    fn some_test() {\n"
  m: ^^^^^^^^^^^^^^^^^^^^^^
- n: 254
  l: "        assert_eq!(3, 3);\n"
  m: ^^^^^^^^^^^^^^^^^^^^^^^^^^^
- n: 255
  l: "    }\n"
  m: ^^^^^^^
- n: 256
  l: "\n"
  m: ^^
- n: 257
  l: "    #[rstest]\n"
  m: ^^^^^^^^^^^^^^^
- n: 258
  l: "    #[case(3)]\n"
  m: ^^^^^^^^^^^^^^^^
- n: 259
  l: "    fn test_with_rstest(#[case] i: u64) {\n"
  m: ^^^^^^^^^^^^^^^^^^^^^^^^^^^^^^^^^^^^^^^^^^^
- n: 260
  l: "        assert_eq!(1337, 1337);\n"
  m: ^^^^^^^^^^^^^^^^^^^^^^^^^^^^^^^^^
- n: 261
  l: "    }\n"
  m: ^^^^^^^
- n: 262
  l: "}\n"
  m: "^  "
