---
source: tests/langs/mod.rs
expression: inscope_parts
---
- n: 14
  l: "#[macro_use]\n"
  m: "  ^^^^^^^^^   "
- n: 183
  l: "#[tokio::main]\n"
  m: "  ^^^^^^^^^^^   "
- n: 245
  l: "#[cfg(feature = \"some-feature\")]\n"
  m: "  ^^^^^^^^^^^^^^^^^^^^^^^^^^^^^^^   "
- n: 246
  l: "#[expect(clippy::single_match_else)]\n"
  m: "  ^^^^^^^^^^^^^^^^^^^^^^^^^^^^^^^^^   "
- n: 247
  l: "#[cfg(doc)]\n"
  m: "  ^^^^^^^^   "
- n: 250
  l: "#[cfg(test)]\n"
  m: "  ^^^^^^^^^   "
- n: 254
  l: "    #[test]\n"
  m: "      ^^^^   "
- n: 259
  l: "    #[rstest]\n"
  m: "      ^^^^^^   "
- n: 260
  l: "    #[case(3)]\n"
  m: "      ^^^^^^^   "
- n: 261
  l: "    fn test_with_rstest(#[case] i: u64) {\n"
  m: "                          ^^^^             "
- n: 282
  l: "#[repr(C)]\n"
  m: "  ^^^^^^^   "
