---
source: tests/langs/mod.rs
expression: inscope_parts
---
- n: 282
  l: "unsafe fn perform_unsafe_operation() {\n"
  m: ^^^^^^^^^^^^^^^^^^^^^^^^^^^^^^^^^^^^^^^^
- n: 283
  l: "    let ptr = 0x1234 as *mut i32;\n"
  m: ^^^^^^^^^^^^^^^^^^^^^^^^^^^^^^^^^^^
- n: 284
  l: "    *ptr = 42;\n"
  m: ^^^^^^^^^^^^^^^^
- n: 285
  l: "}\n"
  m: "^  "
