---
source: tests/langs/mod.rs
expression: inscope_parts
---
- n: 111
  l: "enum TestEnum {\n"
  m: ^^^^^^^^^^^^^^^^^
- n: 112
  l: "    VariantOne,\n"
  m: ^^^^^^^^^^^^^^^^^
- n: 113
  l: "    VariantTwo,\n"
  m: ^^^^^^^^^^^^^^^^^
- n: 114
  l: "    VariantOther,\n"
  m: ^^^^^^^^^^^^^^^^^^^
- n: 115
  l: "}\n"
  m: "^  "
- n: 273
  l: "pub enum PubEnum {}\n"
  m: "^^^^^^^^^^^^^^^^^^^  "
- n: 274
  l: "pub(crate) enum PubCrateEnum {}\n"
  m: "^^^^^^^^^^^^^^^^^^^^^^^^^^^^^^^  "
- n: 275
  l: "pub(self) enum PubSelfEnum {}\n"
  m: "^^^^^^^^^^^^^^^^^^^^^^^^^^^^^  "
- n: 276
  l: "pub(super) enum PubSuperEnum {}\n"
  m: "^^^^^^^^^^^^^^^^^^^^^^^^^^^^^^^  "
