---
source: tests/langs/mod.rs
expression: inscope_parts
---
- n: 247
  l: "mod tests {\n"
  m: ^^^^^^^^^^^^^
- n: 248
  l: "    use super::*;\n"
  m: ^^^^^^^^^^^^^^^^^^^
- n: 249
  l: "\n"
  m: ^^
- n: 250
  l: "    #[test]\n"
  m: ^^^^^^^^^^^^^
- n: 251
  l: "    fn some_test() {}\n"
  m: ^^^^^^^^^^^^^^^^^^^^^^^
- n: 252
  l: "}\n"
  m: "^  "
