---
source: tests/langs/mod.rs
expression: inscope_parts
---
- n: 11
  l: "  required_version = \">= 1.0.0\"\n"
  m: "                       ^^^^^^^^    "
- n: 14
  l: "      source  = \"hashicorp/aws\"\n"
  m: "                  ^^^^^^^^^^^^^    "
- n: 15
  l: "      version = \"~> 4.0\"\n"
  m: "                  ^^^^^^    "
- n: 18
  l: "      source  = \"integrations/github\"\n"
  m: "                  ^^^^^^^^^^^^^^^^^^^    "
- n: 19
  l: "      version = \"~> 5.32.0\"\n"
  m: "                  ^^^^^^^^^    "
- n: 23
  l: "    bucket = \"my-terraform-state\"\n"
  m: "               ^^^^^^^^^^^^^^^^^^    "
- n: 24
  l: "    key    = \"test-app/terraform.tfstate\"\n"
  m: "               ^^^^^^^^^^^^^^^^^^^^^^^^^^    "
- n: 25
  l: "    region = \"us-west-2\"\n"
  m: "               ^^^^^^^^^    "
- n: 31
  l: "  description = \"The name of the application\"\n"
  m: "                  ^^^^^^^^^^^^^^^^^^^^^^^^^^^    "
- n: 33
  l: "  default     = \"TestApp\"\n"
  m: "                  ^^^^^^^    "
- n: 37
  l: "  description = \"Number of instances to deploy\"\n"
  m: "                  ^^^^^^^^^^^^^^^^^^^^^^^^^^^^^    "
- n: 43
  l: "  description = \"Enable feature X\"\n"
  m: "                  ^^^^^^^^^^^^^^^^    "
- n: 49
  l: "  description = \"List of admin users\"\n"
  m: "                  ^^^^^^^^^^^^^^^^^^^    "
- n: 51
  l: "  default     = [\"alice\", \"bob\"]\n"
  m: "                   ^^^^^              "
- n: 51
  l: "  default     = [\"alice\", \"bob\"]\n"
  m: "                              ^^^     "
- n: 56
  l: "  app_env = \"testing\"\n"
  m: "              ^^^^^^^    "
- n: 57
  l: "  version = \"1.0.0\"\n"
  m: "              ^^^^^    "
- n: 62
  l: "  region = \"us-west-2\"\n"
  m: "             ^^^^^^^^^    "
- n: 68
  l: "  owners      = [\"self\"]\n"
  m: "                   ^^^^     "
- n: 71
  l: "    name   = \"name\"\n"
  m: "               ^^^^    "
- n: 72
  l: "    values = [\"ubuntu/images/hvm-ssd/ubuntu-bionic-18.04-amd64-server-*\"]\n"
  m: "                ^^^^^^^^^^^^^^^^^^^^^^^^^^^^^^^^^^^^^^^^^^^^^^^^^^^^^^^^     "
- n: 80
  l: "  instance_type = \"t2.micro\"\n"
  m: "                    ^^^^^^^^    "
- n: 82
  l: "    Name        = \"${var.app_name}-${count.index}\"\n"
  m: "                                   ^                  "
- n: 92
  l: "#!/bin/bash\n"
  m: ^^^^^^^^^^^^^
- n: 93
  l: "echo \"Feature ${upper(var.app_name)} enabled\"\n"
  m: "^^^^^^^^^^^^^^                                   "
- n: 93
  l: "echo \"Feature ${upper(var.app_name)} enabled\"\n"
  m: "                                      ^^^^^^^^^  "
- n: 101
  l: "  description = \"List of instance IDs\"\n"
  m: "                  ^^^^^^^^^^^^^^^^^^^^    "
- n: 106
  l: "  description = \"Admin usernames\"\n"
  m: "                  ^^^^^^^^^^^^^^^    "
- n: 107
  l: "  value       = join(\", \", var.admins)\n"
  m: "                       ^                  "
- n: 112
  l: "  source   = \"./modules/network\"\n"
  m: "               ^^^^^^^^^^^^^^^^^    "
- n: 113
  l: "  vpc_cidr = \"10.0.0.0/16\"\n"
  m: "               ^^^^^^^^^^^    "
- n: 118
  l: "  bucket = var.enable_feature_x ? \"${var.app_name}-feature-x\" : \"${var.app_name}\"\n"
  m: "                                                   ^^^^^^^^^^                          "
- n: 119
  l: "  acl    = \"private\"\n"
  m: "             ^^^^^^^    "
- n: 126
  l: "echo \"Application: ${var.app_name}\"\n"
  m: "^^^^^^^^^^^^^^^^^^^                    "
- n: 126
  l: "echo \"Application: ${var.app_name}\"\n"
  m: "                                   ^^^^"
- n: 127
  l: "echo \"Environment: ${local.app_env}\"\n"
  m: "^^^^^^^^^^^^^^^^^^^                     "
- n: 127
  l: "echo \"Environment: ${local.app_env}\"\n"
  m: "                                    ^^  "
- n: 134
  l: "  name        = \"${var.app_name}-web-sg\"\n"
  m: "                                 ^^^^^^^    "
- n: 135
  l: "  description = \"Web security group for ${var.app_name}\"\n"
  m: "                  ^^^^^^^^^^^^^^^^^^^^^^                    "
- n: 141
  l: "    protocol    = \"tcp\"\n"
  m: "                    ^^^    "
- n: 142
  l: "    cidr_blocks = [\"0.0.0.0/0\"]\n"
  m: "                     ^^^^^^^^^     "
- n: 148
  l: "    protocol    = \"-1\"\n"
  m: "                    ^^    "
- n: 149
  l: "    cidr_blocks = [\"0.0.0.0/0\"]\n"
  m: "                     ^^^^^^^^^     "
- n: 155
  l: "  name = \"${var.app_name}_role\"\n"
  m: "                          ^^^^^    "
- n: 158
  l: "    Version = \"2012-10-17\",\n"
  m: "                ^^^^^^^^^^     "
- n: 161
  l: "        Action = \"sts:AssumeRole\",\n"
  m: "                   ^^^^^^^^^^^^^^     "
- n: 162
  l: "        Effect = \"Allow\",\n"
  m: "                   ^^^^^     "
- n: 164
  l: "          Service = \"ec2.amazonaws.com\"\n"
  m: "                      ^^^^^^^^^^^^^^^^^    "
- n: 171
  l: "    name = \"app_policy\"\n"
  m: "             ^^^^^^^^^^    "
- n: 174
  l: "      Version = \"2012-10-17\",\n"
  m: "                  ^^^^^^^^^^     "
- n: 177
  l: "          Action   = [\"s3:ListBucket\"],\n"
  m: "                        ^^^^^^^^^^^^^      "
- n: 178
  l: "          Effect   = \"Allow\",\n"
  m: "                       ^^^^^     "
- n: 179
  l: "          Resource = \"*\"\n"
  m: "                       ^    "
- n: 188
  l: "  description = \"URL of the application\"\n"
  m: "                  ^^^^^^^^^^^^^^^^^^^^^^    "
- n: 189
  l: "  value       = \"https://${aws_instance.app_server[0].public_dns}\"\n"
  m: "                  ^^^^^^^^                                            "
