---
source: tests/langs/mod.rs
expression: inscope_parts
---
- n: 12
  l: "#[macro_use]\n"
  m: "  ^^^^^^^^^   "
- n: 181
  l: "#[tokio::main]\n"
  m: "  ^^^^^^^^^^^   "
- n: 243
  l: "#[cfg(feature = \"some-feature\")]\n"
  m: "  ^^^^^^^^^^^^^^^^^^^^^^^^^^^^^^^   "
- n: 244
  l: "#[allow(clippy::single_match_else)]\n"
  m: "  ^^^^^^^^^^^^^^^^^^^^^^^^^^^^^^^^   "
- n: 245
  l: "#[cfg(doc)]\n"
  m: "  ^^^^^^^^   "
- n: 248
  l: "#[cfg(test)]\n"
  m: "  ^^^^^^^^^   "
- n: 252
  l: "    #[test]\n"
  m: "      ^^^^   "
- n: 257
  l: "    #[rstest]\n"
  m: "      ^^^^^^   "
- n: 258
  l: "    #[case(3)]\n"
  m: "      ^^^^^^^   "
- n: 259
  l: "    fn test_with_rstest(#[case] i: u64) {\n"
  m: "                          ^^^^             "
- n: 280
  l: "#[repr(C)]\n"
  m: "  ^^^^^^^   "
