---
source: tests/langs/mod.rs
expression: inscope_parts
---
- n: 17
  l: "    [Flags]\n"
  m: "    ^^^^^^^^^"
- n: 18
  l: "    public enum TestStatus : byte\n"
  m: ^^^^^^^^^^^^^^^^^^^^^^^^^^^^^^^^^^^
- n: 19
  l: "    {\n"
  m: ^^^^^^^
- n: 20
  l: "        None = 0,\n"
  m: ^^^^^^^^^^^^^^^^^^^
- n: 21
  l: "        Running = 1 << 0,\n"
  m: ^^^^^^^^^^^^^^^^^^^^^^^^^^^
- n: 22
  l: "        Passed = 1 << 1,\n"
  m: ^^^^^^^^^^^^^^^^^^^^^^^^^^
- n: 23
  l: "        Failed = 1 << 2\n"
  m: ^^^^^^^^^^^^^^^^^^^^^^^^^
- n: 24
  l: "    }\n"
  m: "^^^^^  "
