---
source: tests/cli.rs
expression: "CommandResult { args, stdin, stdout, exit_code }"
---
args:
  - "--fail-any"
  - "\\d"
stdin: "Zwei flinke Boxer jagen die quirlige Eva und ihren Mops durch Sylt.\nFranz jagt im komplett verwahrlosten Taxi quer durch Bayern.\nZwoelf Boxkaempfer jagen Viktor quer ueber den grossen Sylter Deich.\nVogel Quax zwickt Johnys Pferd Bim.\nSylvia wagt quick den Jux bei Pforzheim.\nPolyfon zwitschernd assen Maexchens Voegel Rueben, Joghurt und Quark.\n\"Fix, Schwyz!\" quaekt Juergen bloed vom Pass.\nVictor jagt zwoelf Boxkaempfer quer ueber den grossen Sylter Deich.\nFalsches Ueben von Xylophonmusik quaelt jeden groesseren Zwerg.\nHeizoelrueckstossabdaempfung.\n"
stdout: "Zwei flinke Boxer jagen die quirlige Eva und ihren Mops durch Sylt.\nFranz jagt im komplett verwahrlosten Taxi quer durch Bayern.\nZwoelf Boxkaempfer jagen Viktor quer ueber den grossen Sylter Deich.\nVogel Quax zwickt Johnys Pferd Bim.\nSylvia wagt quick den Jux bei Pforzheim.\nPolyfon zwitschernd assen Maexchens Voegel Rueben, Joghurt und Quark.\n\"Fix, Schwyz!\" quaekt Juergen bloed vom Pass.\nVictor jagt zwoelf Boxkaempfer quer ueber den grossen Sylter Deich.\nFalsches Ueben von Xylophonmusik quaelt jeden groesseren Zwerg.\nHeizoelrueckstossabdaempfung.\n"
exit_code: 0

