---
source: tests/cli.rs
expression: "CommandSnap {\n    args,\n    stdin: stdin.map(|s|\n            s.split_inclusive('\\n').map(|s| s.to_owned()).collect_vec()),\n    stdout: stdout.split_inclusive('\\n').map(|s| s.to_owned()).collect_vec(),\n    exit_code,\n}"
info:
  stderr: ""
---
args:
  - A
  - B
stdin: ~
stdout: []
exit_code: 0
